mode: set
codeberg.org/kloudstack/slim_proxy/internal/cache/disk/diskcache.go:101.84,102.52 1 1
codeberg.org/kloudstack/slim_proxy/internal/cache/disk/diskcache.go:102.52,104.3 1 0
codeberg.org/kloudstack/slim_proxy/internal/cache/disk/diskcache.go:106.2,119.15 3 1
codeberg.org/kloudstack/slim_proxy/internal/cache/disk/diskcache.go:125.29,127.2 1 1
codeberg.org/kloudstack/slim_proxy/internal/cache/disk/diskcache.go:133.51,137.29 3 1
codeberg.org/kloudstack/slim_proxy/internal/cache/disk/diskcache.go:137.29,141.19 4 1
codeberg.org/kloudstack/slim_proxy/internal/cache/disk/diskcache.go:141.19,143.4 1 0
codeberg.org/kloudstack/slim_proxy/internal/cache/disk/diskcache.go:144.3,145.9 2 1
codeberg.org/kloudstack/slim_proxy/internal/cache/disk/diskcache.go:148.2,152.18 2 1
codeberg.org/kloudstack/slim_proxy/internal/cache/disk/diskcache.go:152.18,154.3 1 1
codeberg.org/kloudstack/slim_proxy/internal/cache/disk/diskcache.go:155.2,155.25 1 1
codeberg.org/kloudstack/slim_proxy/internal/cache/disk/diskcache.go:160.40,164.29 3 1
codeberg.org/kloudstack/slim_proxy/internal/cache/disk/diskcache.go:164.29,167.3 2 1
codeberg.org/kloudstack/slim_proxy/internal/cache/disk/diskcache.go:173.29,177.26 4 1
codeberg.org/kloudstack/slim_proxy/internal/cache/disk/diskcache.go:177.26,178.36 1 1
codeberg.org/kloudstack/slim_proxy/internal/cache/disk/diskcache.go:178.36,181.4 2 1
codeberg.org/kloudstack/slim_proxy/internal/cache/disk/diskcache.go:183.2,183.18 1 1
codeberg.org/kloudstack/slim_proxy/internal/cache/disk/diskcache.go:183.18,186.3 2 1
codeberg.org/kloudstack/slim_proxy/internal/cache/disk/diskcache.go:187.2,187.15 1 1
codeberg.org/kloudstack/slim_proxy/internal/cache/disk/diskcache.go:192.55,195.6 3 1
codeberg.org/kloudstack/slim_proxy/internal/cache/disk/diskcache.go:195.6,196.10 1 1
codeberg.org/kloudstack/slim_proxy/internal/cache/disk/diskcache.go:197.22,198.10 1 1
codeberg.org/kloudstack/slim_proxy/internal/cache/disk/diskcache.go:199.19,200.13 1 0
codeberg.org/kloudstack/slim_proxy/internal/cache/disk/diskcache.go:209.29,212.26 3 1
codeberg.org/kloudstack/slim_proxy/internal/cache/disk/diskcache.go:212.26,213.78 1 1
codeberg.org/kloudstack/slim_proxy/internal/cache/disk/diskcache.go:213.78,215.4 1 1
codeberg.org/kloudstack/slim_proxy/internal/cache/disk/diskcache.go:217.2,219.28 2 1
codeberg.org/kloudstack/slim_proxy/internal/cache/disk/diskcache.go:219.28,223.3 3 1
codeberg.org/kloudstack/slim_proxy/internal/cache/disk/diskcache.go:228.43,232.8 4 1
codeberg.org/kloudstack/slim_proxy/internal/cache/disk/diskcache.go:232.8,234.3 1 1
codeberg.org/kloudstack/slim_proxy/internal/cache/disk/diskcache.go:235.2,238.15 4 1
codeberg.org/kloudstack/slim_proxy/internal/cache/disk/key.go:18.41,21.2 2 1
codeberg.org/kloudstack/slim_proxy/internal/cache/disk/key.go:34.50,36.2 1 1
codeberg.org/kloudstack/slim_proxy/internal/cache/disk/operations.go:35.80,36.81 1 1
codeberg.org/kloudstack/slim_proxy/internal/cache/disk/operations.go:36.81,38.3 1 0
codeberg.org/kloudstack/slim_proxy/internal/cache/disk/operations.go:40.2,40.83 1 1
codeberg.org/kloudstack/slim_proxy/internal/cache/disk/operations.go:40.83,42.3 1 0
codeberg.org/kloudstack/slim_proxy/internal/cache/disk/operations.go:44.2,44.31 1 1
codeberg.org/kloudstack/slim_proxy/internal/cache/disk/operations.go:44.31,45.43 1 1
codeberg.org/kloudstack/slim_proxy/internal/cache/disk/operations.go:45.43,47.4 1 0
codeberg.org/kloudstack/slim_proxy/internal/cache/disk/operations.go:48.3,49.48 2 1
codeberg.org/kloudstack/slim_proxy/internal/cache/disk/operations.go:49.48,51.4 1 0
codeberg.org/kloudstack/slim_proxy/internal/cache/disk/operations.go:53.2,53.18 1 1
codeberg.org/kloudstack/slim_proxy/internal/cache/disk/operations.go:59.51,61.77 2 1
codeberg.org/kloudstack/slim_proxy/internal/cache/disk/operations.go:61.77,63.3 1 0
codeberg.org/kloudstack/slim_proxy/internal/cache/disk/operations.go:64.2,65.12 2 1
codeberg.org/kloudstack/slim_proxy/internal/cache/disk/operations.go:71.62,73.73 2 1
codeberg.org/kloudstack/slim_proxy/internal/cache/disk/operations.go:73.73,75.3 1 0
codeberg.org/kloudstack/slim_proxy/internal/cache/disk/operations.go:77.2,78.73 2 1
codeberg.org/kloudstack/slim_proxy/internal/cache/disk/operations.go:78.73,80.3 1 0
codeberg.org/kloudstack/slim_proxy/internal/cache/disk/operations.go:82.2,83.42 2 1
codeberg.org/kloudstack/slim_proxy/internal/cache/disk/operations.go:83.42,85.17 2 1
codeberg.org/kloudstack/slim_proxy/internal/cache/disk/operations.go:85.17,87.4 1 0
codeberg.org/kloudstack/slim_proxy/internal/cache/disk/operations.go:88.3,89.17 2 1
codeberg.org/kloudstack/slim_proxy/internal/cache/disk/operations.go:89.17,91.4 1 0
codeberg.org/kloudstack/slim_proxy/internal/cache/disk/operations.go:92.3,92.31 1 1
codeberg.org/kloudstack/slim_proxy/internal/cache/disk/operations.go:95.2,95.38 1 1
codeberg.org/kloudstack/slim_proxy/internal/cache/disk/operations.go:100.50,102.69 2 1
codeberg.org/kloudstack/slim_proxy/internal/cache/disk/operations.go:102.69,104.3 1 0
codeberg.org/kloudstack/slim_proxy/internal/cache/disk/operations.go:105.2,106.47 2 1
codeberg.org/kloudstack/slim_proxy/internal/cache/disk/operations.go:106.47,108.3 1 0
codeberg.org/kloudstack/slim_proxy/internal/cache/disk/operations.go:109.2,109.25 1 1
codeberg.org/kloudstack/slim_proxy/internal/cache/disk/operations.go:116.50,119.16 3 1
codeberg.org/kloudstack/slim_proxy/internal/cache/disk/operations.go:119.16,121.3 1 0
codeberg.org/kloudstack/slim_proxy/internal/cache/disk/operations.go:122.2,124.43 2 1
codeberg.org/kloudstack/slim_proxy/internal/cache/disk/operations.go:124.43,128.3 3 0
codeberg.org/kloudstack/slim_proxy/internal/cache/disk/operations.go:129.2,129.35 1 1
codeberg.org/kloudstack/slim_proxy/internal/cache/disk/operations.go:129.35,133.3 3 0
codeberg.org/kloudstack/slim_proxy/internal/cache/disk/operations.go:134.2,134.36 1 1
codeberg.org/kloudstack/slim_proxy/internal/cache/disk/operations.go:134.36,137.3 2 0
codeberg.org/kloudstack/slim_proxy/internal/cache/disk/operations.go:138.2,138.33 1 1
codeberg.org/kloudstack/slim_proxy/internal/cache/disk/operations.go:152.108,153.61 1 1
codeberg.org/kloudstack/slim_proxy/internal/cache/disk/operations.go:153.61,155.3 1 1
codeberg.org/kloudstack/slim_proxy/internal/cache/disk/operations.go:157.2,164.63 6 1
codeberg.org/kloudstack/slim_proxy/internal/cache/disk/operations.go:164.63,166.3 1 0
codeberg.org/kloudstack/slim_proxy/internal/cache/disk/operations.go:168.2,170.67 2 1
codeberg.org/kloudstack/slim_proxy/internal/cache/disk/operations.go:170.67,172.3 1 0
codeberg.org/kloudstack/slim_proxy/internal/cache/disk/operations.go:174.2,174.63 1 1
codeberg.org/kloudstack/slim_proxy/internal/cache/disk/operations.go:174.63,176.3 1 0
codeberg.org/kloudstack/slim_proxy/internal/cache/disk/operations.go:177.2,177.52 1 1
codeberg.org/kloudstack/slim_proxy/internal/cache/disk/operations.go:177.52,180.3 2 0
codeberg.org/kloudstack/slim_proxy/internal/cache/disk/operations.go:182.2,184.12 3 1
codeberg.org/kloudstack/slim_proxy/internal/cache/disk/operations.go:199.83,204.16 4 1
codeberg.org/kloudstack/slim_proxy/internal/cache/disk/operations.go:204.16,206.3 1 1
codeberg.org/kloudstack/slim_proxy/internal/cache/disk/operations.go:207.2,210.16 3 1
codeberg.org/kloudstack/slim_proxy/internal/cache/disk/operations.go:210.16,212.3 1 0
codeberg.org/kloudstack/slim_proxy/internal/cache/disk/operations.go:214.2,214.18 1 1
codeberg.org/kloudstack/slim_proxy/internal/cache/disk/operations.go:214.18,218.67 4 1
codeberg.org/kloudstack/slim_proxy/internal/cache/disk/operations.go:218.67,224.4 5 1
codeberg.org/kloudstack/slim_proxy/internal/cache/disk/operations.go:227.2,228.16 2 1
codeberg.org/kloudstack/slim_proxy/internal/cache/disk/operations.go:228.16,230.3 1 0
codeberg.org/kloudstack/slim_proxy/internal/cache/disk/operations.go:232.2,232.31 1 1
codeberg.org/kloudstack/slim_proxy/internal/cache/disk/operations.go:232.31,233.26 1 1
codeberg.org/kloudstack/slim_proxy/internal/cache/disk/operations.go:233.26,235.4 1 1
codeberg.org/kloudstack/slim_proxy/internal/cache/disk/operations.go:238.2,244.16 5 1
codeberg.org/kloudstack/slim_proxy/internal/cache/disk/operations.go:244.16,246.3 1 0
codeberg.org/kloudstack/slim_proxy/internal/cache/disk/operations.go:247.2,250.16 3 1
codeberg.org/kloudstack/slim_proxy/internal/cache/disk/operations.go:250.16,252.3 1 0
codeberg.org/kloudstack/slim_proxy/internal/cache/disk/operations.go:254.2,255.12 2 1
codeberg.org/kloudstack/slim_proxy/internal/cache/disk/operations.go:261.75,263.16 2 1
codeberg.org/kloudstack/slim_proxy/internal/cache/disk/operations.go:263.16,265.3 1 0
codeberg.org/kloudstack/slim_proxy/internal/cache/disk/operations.go:266.2,268.42 2 1
